<html>
<body>
<pre>
<h1>µVision Build Log</h1>
<h2>Project:</h2>
C:\Users\sahil bhandekar\Desktop\vector\DIGITAL MULTIMETER\DIGITAL MULTIMETER.uvproj
Project File Date:  02/16/2025

<h2>Output:</h2>
Build target 'Target 1'
compiling main.c...
linking...
Program Size: Code=4268 RO-data=16 RW-data=0 ZI-data=1256  
FromELF: creating hex file...
".\DIGITAL MULTIMETER.axf" - 0 Error(s), 0 Warning(s).
</pre>
</body>
</html>
f sign
        while((ADDR &(0x01<<31)));
adc_fun.c: 2 warnings, 0 errors
linking...
Program Size: Code=1792 RO-data=16 RW-data=0 ZI-data=1256  
FromELF: creating hex file...
".\DIGITAL MULTIMETER.axf" - 0 Error(s), 2 Warning(s).
2 Warning(s).
rror(s), 2 Warning(s).
